// Jest Snapshot v1, https://goo.gl/fbAQLP

exports[`ProductArea should match the snapshot 1`] = `
<div>
  <div
    data-testid="search-bar"
  />
  <div
    data-testid="product-list"
  />
</div>
`;
